Тест записи в файл
Тест записи в файл
Тест записи в файл
Тест записи в файл
Тест записи в файл
Тест записи в файл
Тест записи в файл
Тест записи в файл
Тест записи в файл
